---
source: tests/snapshots.rs
expression: html
---
<filters-column data-region="filters" role="complementary" aria-label="Filter posts">
  
  
  
  
  <section
  class="filter-panel"
  id="tag-panel"
  data-role="filter-group"
  role="region"
  aria-labelledby="tag-panel-title"
>
  <h2 class="filter-title" id="tag-panel-title">Filter by tag</h2>
  <ul class="filter-list" role="list">
    
    
    <li class="tag-chip-group">
      <a
        data-role="tag-chip"
        data-active="true"
        data-count="19"
        aria-describedby="tag-panel-count-1"
        href="/"
      >
        All tags<span class="sr-only">, 19 posts</span>
      </a>
      <chip-count id="tag-panel-count-1" aria-hidden="true">19</chip-count>
    </li>
    
    
    <li class="tag-chip-group">
      <a
        data-role="tag-chip"
        data-active="false"
        data-count="8"
        aria-describedby="tag-panel-count-2"
        href="/tags/community"
      >
        #Community<span class="sr-only">, 8 posts</span>
      </a>
      <chip-count id="tag-panel-count-2" aria-hidden="true">8</chip-count>
    </li>
    
    
    <li class="tag-chip-group">
      <a
        data-role="tag-chip"
        data-active="false"
        data-count="5"
        aria-describedby="tag-panel-count-3"
        href="/tags/learning"
      >
        #Learning<span class="sr-only">, 5 posts</span>
      </a>
      <chip-count id="tag-panel-count-3" aria-hidden="true">5</chip-count>
    </li>
    
    
    <li class="tag-chip-group">
      <a
        data-role="tag-chip"
        data-active="false"
        data-count="4"
        aria-describedby="tag-panel-count-4"
        href="/tags/release"
      >
        #Release<span class="sr-only">, 4 posts</span>
      </a>
      <chip-count id="tag-panel-count-4" aria-hidden="true">4</chip-count>
    </li>
    
    
    <li class="tag-chip-group">
      <a
        data-role="tag-chip"
        data-active="false"
        data-count="3"
        aria-describedby="tag-panel-count-5"
        href="/tags/engineering"
      >
        #Engineering<span class="sr-only">, 3 posts</span>
      </a>
      <chip-count id="tag-panel-count-5" aria-hidden="true">3</chip-count>
    </li>
    
    
    <li class="tag-chip-group">
      <a
        data-role="tag-chip"
        data-active="false"
        data-count="2"
        aria-describedby="tag-panel-count-6"
        href="/tags/research"
      >
        #Research<span class="sr-only">, 2 posts</span>
      </a>
      <chip-count id="tag-panel-count-6" aria-hidden="true">2</chip-count>
    </li>
    
    
    <li class="tag-chip-group">
      <a
        data-role="tag-chip"
        data-active="false"
        data-count="1"
        aria-describedby="tag-panel-count-7"
        href="/tags/ai"
      >
        #AI<span class="sr-only">, 1 posts</span>
      </a>
      <chip-count id="tag-panel-count-7" aria-hidden="true">1</chip-count>
    </li>
    
    
    <li class="tag-chip-group">
      <a
        data-role="tag-chip"
        data-active="false"
        data-count="1"
        aria-describedby="tag-panel-count-8"
        href="/tags/build"
      >
        #Build<span class="sr-only">, 1 posts</span>
      </a>
      <chip-count id="tag-panel-count-8" aria-hidden="true">1</chip-count>
    </li>
    
    
    <li class="tag-chip-group">
      <a
        data-role="tag-chip"
        data-active="false"
        data-count="1"
        aria-describedby="tag-panel-count-9"
        href="/tags/communication"
      >
        #Communication<span class="sr-only">, 1 posts</span>
      </a>
      <chip-count id="tag-panel-count-9" aria-hidden="true">1</chip-count>
    </li>
    
    
    <li class="tag-chip-group">
      <a
        data-role="tag-chip"
        data-active="false"
        data-count="1"
        aria-describedby="tag-panel-count-10"
        href="/tags/design"
      >
        #Design<span class="sr-only">, 1 posts</span>
      </a>
      <chip-count id="tag-panel-count-10" aria-hidden="true">1</chip-count>
    </li>
    
    
    <li class="tag-chip-group">
      <a
        data-role="tag-chip"
        data-active="false"
        data-count="1"
        aria-describedby="tag-panel-count-11"
        href="/tags/hardware"
      >
        #Hardware<span class="sr-only">, 1 posts</span>
      </a>
      <chip-count id="tag-panel-count-11" aria-hidden="true">1</chip-count>
    </li>
    
    
    <li class="tag-chip-group">
      <a
        data-role="tag-chip"
        data-active="false"
        data-count="1"
        aria-describedby="tag-panel-count-12"
        href="/tags/infrastructure"
      >
        #Infrastructure<span class="sr-only">, 1 posts</span>
      </a>
      <chip-count id="tag-panel-count-12" aria-hidden="true">1</chip-count>
    </li>
    
    
    <li class="tag-chip-group">
      <a
        data-role="tag-chip"
        data-active="false"
        data-count="1"
        aria-describedby="tag-panel-count-13"
        href="/tags/observability"
      >
        #Observability<span class="sr-only">, 1 posts</span>
      </a>
      <chip-count id="tag-panel-count-13" aria-hidden="true">1</chip-count>
    </li>
    
    
    <li class="tag-chip-group">
      <a
        data-role="tag-chip"
        data-active="false"
        data-count="1"
        aria-describedby="tag-panel-count-14"
        href="/tags/performance"
      >
        #Performance<span class="sr-only">, 1 posts</span>
      </a>
      <chip-count id="tag-panel-count-14" aria-hidden="true">1</chip-count>
    </li>
    
    
    <li class="tag-chip-group">
      <a
        data-role="tag-chip"
        data-active="false"
        data-count="1"
        aria-describedby="tag-panel-count-15"
        href="/tags/platform"
      >
        #Platform<span class="sr-only">, 1 posts</span>
      </a>
      <chip-count id="tag-panel-count-15" aria-hidden="true">1</chip-count>
    </li>
    
    
    <li class="tag-chip-group">
      <a
        data-role="tag-chip"
        data-active="false"
        data-count="1"
        aria-describedby="tag-panel-count-16"
        href="/tags/practice"
      >
        #Practice<span class="sr-only">, 1 posts</span>
      </a>
      <chip-count id="tag-panel-count-16" aria-hidden="true">1</chip-count>
    </li>
    
    
    <li class="tag-chip-group">
      <a
        data-role="tag-chip"
        data-active="false"
        data-count="1"
        aria-describedby="tag-panel-count-17"
        href="/tags/rust"
      >
        #Rust<span class="sr-only">, 1 posts</span>
      </a>
      <chip-count id="tag-panel-count-17" aria-hidden="true">1</chip-count>
    </li>
    
    
    <li class="tag-chip-group">
      <a
        data-role="tag-chip"
        data-active="false"
        data-count="1"
        aria-describedby="tag-panel-count-18"
        href="/tags/wasm"
      >
        #Wasm<span class="sr-only">, 1 posts</span>
      </a>
      <chip-count id="tag-panel-count-18" aria-hidden="true">1</chip-count>
    </li>
    
  </ul>
</section>
  
  
  
  
  <section
  class="filter-panel"
  id="month-panel"
  data-role="filter-group"
  role="region"
  aria-labelledby="month-panel-title"
>
  <h2 class="filter-title" id="month-panel-title">Filter by month</h2>
  <ul class="filter-list" role="list">
    
    
    <li class="tag-chip-group">
      <a
        data-role="tag-chip"
        data-active="true"
        data-count="19"
        aria-describedby="month-panel-count-1"
        href="/"
      >
        All months<span class="sr-only">, 19 posts</span>
      </a>
      <chip-count id="month-panel-count-1" aria-hidden="true">19</chip-count>
    </li>
    
    
    <li class="tag-chip-group">
      <a
        data-role="tag-chip"
        data-active="false"
        data-count="1"
        aria-describedby="month-panel-count-2"
        href="/months/2025-05"
      >
        May 2025<span class="sr-only">, 1 posts</span>
      </a>
      <chip-count id="month-panel-count-2" aria-hidden="true">1</chip-count>
    </li>
    
    
    <li class="tag-chip-group">
      <a
        data-role="tag-chip"
        data-active="false"
        data-count="1"
        aria-describedby="month-panel-count-3"
        href="/months/2024-05"
      >
        May 2024<span class="sr-only">, 1 posts</span>
      </a>
      <chip-count id="month-panel-count-3" aria-hidden="true">1</chip-count>
    </li>
    
    
    <li class="tag-chip-group">
      <a
        data-role="tag-chip"
        data-active="false"
        data-count="1"
        aria-describedby="month-panel-count-4"
        href="/months/2023-12"
      >
        December 2023<span class="sr-only">, 1 posts</span>
      </a>
      <chip-count id="month-panel-count-4" aria-hidden="true">1</chip-count>
    </li>
    
    
    <li class="tag-chip-group">
      <a
        data-role="tag-chip"
        data-active="false"
        data-count="2"
        aria-describedby="month-panel-count-5"
        href="/months/2022-12"
      >
        December 2022<span class="sr-only">, 2 posts</span>
      </a>
      <chip-count id="month-panel-count-5" aria-hidden="true">2</chip-count>
    </li>
    
    
    <li class="tag-chip-group">
      <a
        data-role="tag-chip"
        data-active="false"
        data-count="3"
        aria-describedby="month-panel-count-6"
        href="/months/2022-02"
      >
        February 2022<span class="sr-only">, 3 posts</span>
      </a>
      <chip-count id="month-panel-count-6" aria-hidden="true">3</chip-count>
    </li>
    
    
    <li class="tag-chip-group">
      <a
        data-role="tag-chip"
        data-active="false"
        data-count="1"
        aria-describedby="month-panel-count-7"
        href="/months/2021-09"
      >
        September 2021<span class="sr-only">, 1 posts</span>
      </a>
      <chip-count id="month-panel-count-7" aria-hidden="true">1</chip-count>
    </li>
    
    
    <li class="tag-chip-group">
      <a
        data-role="tag-chip"
        data-active="false"
        data-count="1"
        aria-describedby="month-panel-count-8"
        href="/months/2021-07"
      >
        July 2021<span class="sr-only">, 1 posts</span>
      </a>
      <chip-count id="month-panel-count-8" aria-hidden="true">1</chip-count>
    </li>
    
    
    <li class="tag-chip-group">
      <a
        data-role="tag-chip"
        data-active="false"
        data-count="2"
        aria-describedby="month-panel-count-9"
        href="/months/2021-05"
      >
        May 2021<span class="sr-only">, 2 posts</span>
      </a>
      <chip-count id="month-panel-count-9" aria-hidden="true">2</chip-count>
    </li>
    
    
    <li class="tag-chip-group">
      <a
        data-role="tag-chip"
        data-active="false"
        data-count="1"
        aria-describedby="month-panel-count-10"
        href="/months/2021-04"
      >
        April 2021<span class="sr-only">, 1 posts</span>
      </a>
      <chip-count id="month-panel-count-10" aria-hidden="true">1</chip-count>
    </li>
    
    
    <li class="tag-chip-group">
      <a
        data-role="tag-chip"
        data-active="false"
        data-count="2"
        aria-describedby="month-panel-count-11"
        href="/months/2021-02"
      >
        February 2021<span class="sr-only">, 2 posts</span>
      </a>
      <chip-count id="month-panel-count-11" aria-hidden="true">2</chip-count>
    </li>
    
    
    <li class="tag-chip-group">
      <a
        data-role="tag-chip"
        data-active="false"
        data-count="1"
        aria-describedby="month-panel-count-12"
        href="/months/2020-09"
      >
        September 2020<span class="sr-only">, 1 posts</span>
      </a>
      <chip-count id="month-panel-count-12" aria-hidden="true">1</chip-count>
    </li>
    
    
    <li class="tag-chip-group">
      <a
        data-role="tag-chip"
        data-active="false"
        data-count="1"
        aria-describedby="month-panel-count-13"
        href="/months/2020-05"
      >
        May 2020<span class="sr-only">, 1 posts</span>
      </a>
      <chip-count id="month-panel-count-13" aria-hidden="true">1</chip-count>
    </li>
    
    
    <li class="tag-chip-group">
      <a
        data-role="tag-chip"
        data-active="false"
        data-count="1"
        aria-describedby="month-panel-count-14"
        href="/months/2020-04"
      >
        April 2020<span class="sr-only">, 1 posts</span>
      </a>
      <chip-count id="month-panel-count-14" aria-hidden="true">1</chip-count>
    </li>
    
    
    <li class="tag-chip-group">
      <a
        data-role="tag-chip"
        data-active="false"
        data-count="1"
        aria-describedby="month-panel-count-15"
        href="/months/2020-03"
      >
        March 2020<span class="sr-only">, 1 posts</span>
      </a>
      <chip-count id="month-panel-count-15" aria-hidden="true">1</chip-count>
    </li>
    
  </ul>
</section>
</filters-column>
<content-panel data-region="primary" role="region" aria-label="Latest posts">
  <post-grid
    id="post-grid"
    data-count="6"
    data-total="19"
    role="list"
    aria-live="polite"
  >

      
      
      <post-card data-entry="engineering-reading-guide" role="listitem" view-transition-name="post-card-engineering-reading-guide">
        <article data-role="card" aria-labelledby="post-title-1"><card-heading role="presentation">
  <h2 id="post-title-1" data-role="card-title" view-transition-name="post-title-engineering-reading-guide">
    <a data-role="card-link" href="/posts/engineering-reading-guide">Engineering Reading Guide</a>
  </h2>
</card-heading>
<card-excerpt view-transition-name="post-excerpt-engineering-reading-guide">A curated reading schedule for new Soffio teammates covering systems, teams, and tooling foundations.</card-excerpt>
<card-footer role="contentinfo">
  <time data-role="published" datetime="2022-02-07" view-transition-name="post-date-engineering-reading-guide">February 7, 2022</time>
  <tag-badges role="list" aria-label="Tags" view-transition-name="post-tags-engineering-reading-guide">
    
    <a data-role="badge" role="listitem" href="/tags/learning">#Learning</a>
    
    <a data-role="badge" role="listitem" href="/tags/community">#Community</a>
    
  </tag-badges>
</card-footer>
        </article>
      </post-card>
      
      
      <post-card data-entry="first-apprentice-graduation" role="listitem" view-transition-name="post-card-first-apprentice-graduation">
        <article data-role="card" aria-labelledby="post-title-2"><card-heading role="presentation">
  <h2 id="post-title-2" data-role="card-title" view-transition-name="post-title-first-apprentice-graduation">
    <a data-role="card-link" href="/posts/first-apprentice-graduation">First Apprentice Graduation</a>
  </h2>
</card-heading>
<card-excerpt view-transition-name="post-excerpt-first-apprentice-graduation">Celebrating Soffio&#39;s apprentice engineer who shipped a scheduler patch within eight weeks.</card-excerpt>
<card-footer role="contentinfo">
  <time data-role="published" datetime="2021-09-16" view-transition-name="post-date-first-apprentice-graduation">September 16, 2021</time>
  <tag-badges role="list" aria-label="Tags" view-transition-name="post-tags-first-apprentice-graduation">
    
    <a data-role="badge" role="listitem" href="/tags/community">#Community</a>
    
  </tag-badges>
</card-footer>
        </article>
      </post-card>
      
      
      <post-card data-entry="machine-vision-myths" role="listitem" view-transition-name="post-card-machine-vision-myths">
        <article data-role="card" aria-labelledby="post-title-3"><card-heading role="presentation">
  <h2 id="post-title-3" data-role="card-title" view-transition-name="post-title-machine-vision-myths">
    <a data-role="card-link" href="/posts/machine-vision-myths">Machine Vision Myths</a>
  </h2>
</card-heading>
<card-excerpt view-transition-name="post-excerpt-machine-vision-myths">Debunking benchmark worship and outlining how Soffio evaluates perception models in production.</card-excerpt>
<card-footer role="contentinfo">
  <time data-role="published" datetime="2021-07-29" view-transition-name="post-date-machine-vision-myths">July 29, 2021</time>
  <tag-badges role="list" aria-label="Tags" view-transition-name="post-tags-machine-vision-myths">
    
    <a data-role="badge" role="listitem" href="/tags/research">#Research</a>
    
    <a data-role="badge" role="listitem" href="/tags/ai">#AI</a>
    
  </tag-badges>
</card-footer>
        </article>
      </post-card>
      
      
      <post-card data-entry="systems-primer-chapter" role="listitem" view-transition-name="post-card-systems-primer-chapter">
        <article data-role="card" aria-labelledby="post-title-4"><card-heading role="presentation">
  <h2 id="post-title-4" data-role="card-title" view-transition-name="post-title-systems-primer-chapter">
    <a data-role="card-link" href="/posts/systems-primer-chapter">Systems Primer Chapter</a>
  </h2>
</card-heading>
<card-excerpt view-transition-name="post-excerpt-systems-primer-chapter">A sneak peek of the systems primer we hand to every Soffio hire on their first week.</card-excerpt>
<card-footer role="contentinfo">
  <time data-role="published" datetime="2021-05-11" view-transition-name="post-date-systems-primer-chapter">May 11, 2021</time>
  <tag-badges role="list" aria-label="Tags" view-transition-name="post-tags-systems-primer-chapter">
    
    <a data-role="badge" role="listitem" href="/tags/learning">#Learning</a>
    
    <a data-role="badge" role="listitem" href="/tags/engineering">#Engineering</a>
    
  </tag-badges>
</card-footer>
        </article>
      </post-card>
      
      
      <post-card data-entry="foundation-cohort-four" role="listitem" view-transition-name="post-card-foundation-cohort-four">
        <article data-role="card" aria-labelledby="post-title-5"><card-heading role="presentation">
  <h2 id="post-title-5" data-role="card-title" view-transition-name="post-title-foundation-cohort-four">
    <a data-role="card-link" href="/posts/foundation-cohort-four">Foundation Cohort Four</a>
  </h2>
</card-heading>
<card-excerpt view-transition-name="post-excerpt-foundation-cohort-four">Insights on how we adjusted mentor ratios and project scopes for the fourth Soffio foundation cohort.</card-excerpt>
<card-footer role="contentinfo">
  <time data-role="published" datetime="2021-05-10" view-transition-name="post-date-foundation-cohort-four">May 10, 2021</time>
  <tag-badges role="list" aria-label="Tags" view-transition-name="post-tags-foundation-cohort-four">
    
    <a data-role="badge" role="listitem" href="/tags/community">#Community</a>
    
    <a data-role="badge" role="listitem" href="/tags/release">#Release</a>
    
  </tag-badges>
</card-footer>
        </article>
      </post-card>
      
      
      <post-card data-entry="instrument-discipline" role="listitem" view-transition-name="post-card-instrument-discipline">
        <article data-role="card" aria-labelledby="post-title-6"><card-heading role="presentation">
  <h2 id="post-title-6" data-role="card-title" view-transition-name="post-title-instrument-discipline">
    <a data-role="card-link" href="/posts/instrument-discipline">Instrument Discipline</a>
  </h2>
</card-heading>
<card-excerpt view-transition-name="post-excerpt-instrument-discipline">Why Soffio invests in deliberate practice when introducing new hardware instruments.</card-excerpt>
<card-footer role="contentinfo">
  <time data-role="published" datetime="2021-04-16" view-transition-name="post-date-instrument-discipline">April 16, 2021</time>
  <tag-badges role="list" aria-label="Tags" view-transition-name="post-tags-instrument-discipline">
    
    <a data-role="badge" role="listitem" href="/tags/design">#Design</a>
    
    <a data-role="badge" role="listitem" href="/tags/practice">#Practice</a>
    
  </tag-badges>
</card-footer>
        </article>
      </post-card>
      
    
  </post-grid>
  <div id="feed-sentinel-container" role="presentation" aria-live="polite">

<div
  id="feed-sentinel"
  data-role="infinite-loader"
  data-indicator-feed-loading
  data-signals-feed-loading="false"
  data-on-intersect__once="($feedLoading = true, @get(`/ui/posts?cursor=eyJzY29wZSI6InB1YmxpYyIsInN0YXR1cyI6InB1Ymxpc2hlZCIsInNvcnRfa2V5IjpbMjAyMSw0NywwLDAsMCwwLDAsMCwwXSwiaWQiOiI0OWZhYWI1OC02Njc3LWQxNDQtODVjMC0wMWU1M2M5MTllYzkifQ`))"
  style="width: 100%; min-height: 1px;"
>
  <progress-spinner
    id="feed-loading-indicator"
    role="status"
    data-show="$feedLoading"
    style="display: none;"
    aria-live="polite"
  >
    Loading more posts…
  </progress-spinner>
</div>


  </div>
</content-panel>
